%!Adobe-FontList 1.23
%Locale:0x412

%BeginFont
Handler:DirectoryHandler
FontType:CID
FontName:NPS-font-Bold
FamilyName:NPS font
StyleName:Bold
FullName:NPS font Bold
MenuName:국민연금체 Bold
StyleBits:0
FamilyNameNative:국민연금체
StyleNameNative:Bold
FullNameNative:국민연금체 Bold
WritingScript:Korean
OutlineFileName:D:\웹템플릿\사이트 제작\Font\NPSfont_bold.otf
DataFormat:sfntData
isCFF:yes
hasSVG:no
VariableFontType:NonVariableFont
FileLength:659660
FileModTime:1713141716
WeightClass:700
WidthClass:5
AngleClass:0
NameArray:0,Mac,18,NPS font Bold
NameArray:0,Mac,4,NPS font Bold
NameArray:3,Mac,4,국민연금체 Bold
NameArray:3,Mac,18,국민연금체 Bold
NameArray:0,Win,1,NPS font Bold
NameArray:0,Win,16,NPS font
NameArray:3,Win,1,국민연금체 Bold
NameArray:3,Win,16,국민연금체
%EndFont

%BeginFont
Handler:DirectoryHandler
FontType:CID
FontName:NPS-font-ExtraBold
FamilyName:NPS font
StyleName:ExtraBold
FullName:NPS font ExtraBold
MenuName:국민연금체 ExtraBold
StyleBits:0
FamilyNameNative:국민연금체
StyleNameNative:ExtraBold
FullNameNative:국민연금체 ExtraBold
WritingScript:Korean
OutlineFileName:D:\웹템플릿\사이트 제작\Font\NPSfont_extrabold.otf
DataFormat:sfntData
isCFF:yes
hasSVG:no
VariableFontType:NonVariableFont
FileLength:631268
FileModTime:1713141718
WeightClass:800
WidthClass:5
AngleClass:0
NameArray:0,Mac,18,NPS font ExtraBold
NameArray:0,Mac,4,NPS font ExtraBold
NameArray:3,Mac,4,국민연금체 ExtraBold
NameArray:3,Mac,18,국민연금체 ExtraBold
NameArray:0,Win,1,NPS font ExtraBold
NameArray:0,Win,16,NPS font
NameArray:3,Win,1,국민연금체 ExtraBold
NameArray:3,Win,16,국민연금체
%EndFont

%BeginFont
Handler:DirectoryHandler
FontType:CID
FontName:NPS-font-Regular
FamilyName:NPS font
StyleName:Regular
FullName:NPS font Regular
MenuName:국민연금체 Regular
StyleBits:0
FamilyNameNative:국민연금체
StyleNameNative:Regular
FullNameNative:국민연금체 Regular
WritingScript:Korean
OutlineFileName:D:\웹템플릿\사이트 제작\Font\NPSfont_regular.otf
DataFormat:sfntData
isCFF:yes
hasSVG:no
VariableFontType:NonVariableFont
FileLength:567924
FileModTime:1713141714
WeightClass:400
WidthClass:5
AngleClass:0
NameArray:0,Mac,18,NPS font Regular
NameArray:0,Mac,4,NPS font Regular
NameArray:3,Mac,4,국민연금체 Regular
NameArray:3,Mac,18,국민연금체 Regular
NameArray:0,Win,1,NPS font Regular
NameArray:0,Win,16,NPS font
NameArray:3,Win,1,국민연금체 Regular
NameArray:3,Win,16,국민연금체
%EndFont

%BeginFont
Handler:DirectoryHandler
FontType:Invalid
OutlineFileName:D:\웹템플릿\사이트 제작\Font\SUITE\SUITE-Variable-ttf\LICENSE
FileModTime:1697545924
%EndFont

%BeginFont
Handler:DirectoryHandler
FontType:TrueType
FontName:SUITEVariable-Regular
FamilyName:SUITE Variable
StyleName:Regular
FullName:SUITE Variable Regular
MenuName:SUITE Variable
FamilyPrefix:SUITEVariable
StyleBits:0
FamilyNameNative:SUITE Variable
StyleNameNative:Regular
FullNameNative:SUITE Variable Regular
WritingScript:Korean
OutlineFileName:D:\웹템플릿\사이트 제작\Font\SUITE\SUITE-Variable-ttf\SUITE-Variable.ttf
DataFormat:sfntData
hasSVG:no
VariableFontType:TrueTypeVariableFont
FileLength:1881640
FileModTime:1710329626
WeightClass:400
WidthClass:5
AngleClass:0
NameArray:0,Mac,4,SUITE Variable Regular
NameArray:0,Win,1,SUITE Variable
NameArray:0,Win,16,SUITE Variable
%EndFont

%BeginFont
Handler:DirectoryHandler
FontType:Invalid
OutlineFileName:D:\웹템플릿\사이트 제작\Font\SUITE\SUITE-Variable-woff2\LICENSE
FileModTime:1697545924
%EndFont

%BeginFont
Handler:DirectoryHandler
FontType:Invalid
OutlineFileName:D:\웹템플릿\사이트 제작\Font\SUITE\SUITE-Variable-woff2\SUITE-Variable.css
FileModTime:1690102718
%EndFont

%BeginFont
Handler:DirectoryHandler
FontType:Invalid
OutlineFileName:D:\웹템플릿\사이트 제작\Font\SUITE\SUITE-Variable-woff2\SUITE-Variable.woff2
FileModTime:1710329614
%EndFont

%BeginFont
Handler:DirectoryHandler
FontType:Invalid
OutlineFileName:D:\웹템플릿\사이트 제작\Font\SUITE\SUITE-otf\LICENSE
FileModTime:1697545924
%EndFont

%BeginFont
Handler:DirectoryHandler
FontType:CID
FontName:SUITE-Bold
FamilyName:SUITE
StyleName:Bold
FullName:SUITE Bold
MenuName:SUITE
StyleBits:2
FamilyNameNative:SUITE
StyleNameNative:Bold
FullNameNative:SUITE Bold
WritingScript:Korean
OutlineFileName:D:\웹템플릿\사이트 제작\Font\SUITE\SUITE-otf\SUITE-Bold.otf
DataFormat:sfntData
isCFF:yes
hasSVG:no
VariableFontType:NonVariableFont
FileLength:315724
FileModTime:1710329668
WeightClass:700
WidthClass:5
AngleClass:0
NameArray:0,Mac,4,SUITE Bold
NameArray:0,Win,1,SUITE
NameArray:0,Win,16,SUITE
%EndFont

%BeginFont
Handler:DirectoryHandler
FontType:CID
FontName:SUITE-ExtraBold
FamilyName:SUITE
StyleName:ExtraBold
FullName:SUITE ExtraBold
MenuName:SUITE ExtraBold
StyleBits:0
FamilyNameNative:SUITE
StyleNameNative:ExtraBold
FullNameNative:SUITE ExtraBold
WritingScript:Korean
OutlineFileName:D:\웹템플릿\사이트 제작\Font\SUITE\SUITE-otf\SUITE-ExtraBold.otf
DataFormat:sfntData
isCFF:yes
hasSVG:no
VariableFontType:NonVariableFont
FileLength:315392
FileModTime:1710329668
WeightClass:800
WidthClass:5
AngleClass:0
NameArray:0,Mac,4,SUITE ExtraBold
NameArray:0,Win,1,SUITE ExtraBold
NameArray:0,Win,16,SUITE
%EndFont

%BeginFont
Handler:DirectoryHandler
FontType:CID
FontName:SUITE-Heavy
FamilyName:SUITE
StyleName:Heavy
FullName:SUITE Heavy
MenuName:SUITE Heavy
StyleBits:0
FamilyNameNative:SUITE
StyleNameNative:Heavy
FullNameNative:SUITE Heavy
WritingScript:Korean
OutlineFileName:D:\웹템플릿\사이트 제작\Font\SUITE\SUITE-otf\SUITE-Heavy.otf
DataFormat:sfntData
isCFF:yes
hasSVG:no
VariableFontType:NonVariableFont
FileLength:286420
FileModTime:1710329668
WeightClass:900
WidthClass:5
AngleClass:0
NameArray:0,Mac,4,SUITE Heavy
NameArray:0,Win,1,SUITE Heavy
NameArray:0,Win,16,SUITE
%EndFont

%BeginFont
Handler:DirectoryHandler
FontType:CID
FontName:SUITE-Light
FamilyName:SUITE
StyleName:Light
FullName:SUITE Light
MenuName:SUITE Light
StyleBits:0
FamilyNameNative:SUITE
StyleNameNative:Light
FullNameNative:SUITE Light
WritingScript:Korean
OutlineFileName:D:\웹템플릿\사이트 제작\Font\SUITE\SUITE-otf\SUITE-Light.otf
DataFormat:sfntData
isCFF:yes
hasSVG:no
VariableFontType:NonVariableFont
FileLength:322340
FileModTime:1710329668
WeightClass:300
WidthClass:5
AngleClass:0
NameArray:0,Mac,4,SUITE Light
NameArray:0,Win,1,SUITE Light
NameArray:0,Win,16,SUITE
%EndFont

%BeginFont
Handler:DirectoryHandler
FontType:CID
FontName:SUITE-Medium
FamilyName:SUITE
StyleName:Medium
FullName:SUITE Medium
MenuName:SUITE Medium
StyleBits:0
FamilyNameNative:SUITE
StyleNameNative:Medium
FullNameNative:SUITE Medium
WritingScript:Korean
OutlineFileName:D:\웹템플릿\사이트 제작\Font\SUITE\SUITE-otf\SUITE-Medium.otf
DataFormat:sfntData
isCFF:yes
hasSVG:no
VariableFontType:NonVariableFont
FileLength:315156
FileModTime:1710329670
WeightClass:500
WidthClass:5
AngleClass:0
NameArray:0,Mac,4,SUITE Medium
NameArray:0,Win,1,SUITE Medium
NameArray:0,Win,16,SUITE
%EndFont

%BeginFont
Handler:DirectoryHandler
FontType:CID
FontName:SUITE-Regular
FamilyName:SUITE
StyleName:Regular
FullName:SUITE Regular
MenuName:SUITE
StyleBits:0
FamilyNameNative:SUITE
StyleNameNative:Regular
FullNameNative:SUITE Regular
WritingScript:Korean
OutlineFileName:D:\웹템플릿\사이트 제작\Font\SUITE\SUITE-otf\SUITE-Regular.otf
DataFormat:sfntData
isCFF:yes
hasSVG:no
VariableFontType:NonVariableFont
FileLength:294224
FileModTime:1710329668
WeightClass:400
WidthClass:5
AngleClass:0
NameArray:0,Mac,4,SUITE Regular
NameArray:0,Win,1,SUITE
NameArray:0,Win,16,SUITE
%EndFont

%BeginFont
Handler:DirectoryHandler
FontType:CID
FontName:SUITE-SemiBold
FamilyName:SUITE
StyleName:SemiBold
FullName:SUITE SemiBold
MenuName:SUITE SemiBold
StyleBits:0
FamilyNameNative:SUITE
StyleNameNative:SemiBold
FullNameNative:SUITE SemiBold
WritingScript:Korean
OutlineFileName:D:\웹템플릿\사이트 제작\Font\SUITE\SUITE-otf\SUITE-SemiBold.otf
DataFormat:sfntData
isCFF:yes
hasSVG:no
VariableFontType:NonVariableFont
FileLength:312668
FileModTime:1710329670
WeightClass:600
WidthClass:5
AngleClass:0
NameArray:0,Mac,4,SUITE SemiBold
NameArray:0,Win,1,SUITE SemiBold
NameArray:0,Win,16,SUITE
%EndFont

%BeginFont
Handler:DirectoryHandler
FontType:Invalid
OutlineFileName:D:\웹템플릿\사이트 제작\Font\SUITE\SUITE-ttf\LICENSE
FileModTime:1697545924
%EndFont

%BeginFont
Handler:DirectoryHandler
FontType:TrueType
FontName:SUITE-Bold
FamilyName:SUITE
StyleName:Bold
FullName:SUITE Bold
MenuName:SUITE
StyleBits:2
FamilyNameNative:SUITE
StyleNameNative:Bold
FullNameNative:SUITE Bold
WritingScript:Korean
OutlineFileName:D:\웹템플릿\사이트 제작\Font\SUITE\SUITE-ttf\SUITE-Bold.ttf
DataFormat:sfntData
hasSVG:no
VariableFontType:NonVariableFont
FileLength:571832
FileModTime:1710329660
WeightClass:700
WidthClass:5
AngleClass:0
NameArray:0,Mac,4,SUITE Bold
NameArray:0,Win,1,SUITE
NameArray:0,Win,16,SUITE
%EndFont

%BeginFont
Handler:DirectoryHandler
FontType:TrueType
FontName:SUITE-ExtraBold
FamilyName:SUITE
StyleName:ExtraBold
FullName:SUITE ExtraBold
MenuName:SUITE ExtraBold
StyleBits:0
FamilyNameNative:SUITE
StyleNameNative:ExtraBold
FullNameNative:SUITE ExtraBold
WritingScript:Korean
OutlineFileName:D:\웹템플릿\사이트 제작\Font\SUITE\SUITE-ttf\SUITE-ExtraBold.ttf
DataFormat:sfntData
hasSVG:no
VariableFontType:NonVariableFont
FileLength:568356
FileModTime:1710329660
WeightClass:800
WidthClass:5
AngleClass:0
NameArray:0,Mac,4,SUITE ExtraBold
NameArray:0,Win,1,SUITE ExtraBold
NameArray:0,Win,16,SUITE
%EndFont

%BeginFont
Handler:DirectoryHandler
FontType:TrueType
FontName:SUITE-Heavy
FamilyName:SUITE
StyleName:Heavy
FullName:SUITE Heavy
MenuName:SUITE Heavy
StyleBits:0
FamilyNameNative:SUITE
StyleNameNative:Heavy
FullNameNative:SUITE Heavy
WritingScript:Korean
OutlineFileName:D:\웹템플릿\사이트 제작\Font\SUITE\SUITE-ttf\SUITE-Heavy.ttf
DataFormat:sfntData
hasSVG:no
VariableFontType:NonVariableFont
FileLength:567664
FileModTime:1710329660
WeightClass:900
WidthClass:5
AngleClass:0
NameArray:0,Mac,4,SUITE Heavy
NameArray:0,Win,1,SUITE Heavy
NameArray:0,Win,16,SUITE
%EndFont

%BeginFont
Handler:DirectoryHandler
FontType:TrueType
FontName:SUITE-Light
FamilyName:SUITE
StyleName:Light
FullName:SUITE Light
MenuName:SUITE Light
StyleBits:0
FamilyNameNative:SUITE
StyleNameNative:Light
FullNameNative:SUITE Light
WritingScript:Korean
OutlineFileName:D:\웹템플릿\사이트 제작\Font\SUITE\SUITE-ttf\SUITE-Light.ttf
DataFormat:sfntData
hasSVG:no
VariableFontType:NonVariableFont
FileLength:580040
FileModTime:1710329658
WeightClass:300
WidthClass:5
AngleClass:0
NameArray:0,Mac,4,SUITE Light
NameArray:0,Win,1,SUITE Light
NameArray:0,Win,16,SUITE
%EndFont

%BeginFont
Handler:DirectoryHandler
FontType:TrueType
FontName:SUITE-Medium
FamilyName:SUITE
StyleName:Medium
FullName:SUITE Medium
MenuName:SUITE Medium
StyleBits:0
FamilyNameNative:SUITE
StyleNameNative:Medium
FullNameNative:SUITE Medium
WritingScript:Korean
OutlineFileName:D:\웹템플릿\사이트 제작\Font\SUITE\SUITE-ttf\SUITE-Medium.ttf
DataFormat:sfntData
hasSVG:no
VariableFontType:NonVariableFont
FileLength:574044
FileModTime:1710329658
WeightClass:500
WidthClass:5
AngleClass:0
NameArray:0,Mac,4,SUITE Medium
NameArray:0,Win,1,SUITE Medium
NameArray:0,Win,16,SUITE
%EndFont

%BeginFont
Handler:DirectoryHandler
FontType:TrueType
FontName:SUITE-Regular
FamilyName:SUITE
StyleName:Regular
FullName:SUITE Regular
MenuName:SUITE
StyleBits:0
FamilyNameNative:SUITE
StyleNameNative:Regular
FullNameNative:SUITE Regular
WritingScript:Korean
OutlineFileName:D:\웹템플릿\사이트 제작\Font\SUITE\SUITE-ttf\SUITE-Regular.ttf
DataFormat:sfntData
hasSVG:no
VariableFontType:NonVariableFont
FileLength:575576
FileModTime:1710329658
WeightClass:400
WidthClass:5
AngleClass:0
NameArray:0,Mac,4,SUITE Regular
NameArray:0,Win,1,SUITE
NameArray:0,Win,16,SUITE
%EndFont

%BeginFont
Handler:DirectoryHandler
FontType:TrueType
FontName:SUITE-SemiBold
FamilyName:SUITE
StyleName:SemiBold
FullName:SUITE SemiBold
MenuName:SUITE SemiBold
StyleBits:0
FamilyNameNative:SUITE
StyleNameNative:SemiBold
FullNameNative:SUITE SemiBold
WritingScript:Korean
OutlineFileName:D:\웹템플릿\사이트 제작\Font\SUITE\SUITE-ttf\SUITE-SemiBold.ttf
DataFormat:sfntData
hasSVG:no
VariableFontType:NonVariableFont
FileLength:573060
FileModTime:1710329660
WeightClass:600
WidthClass:5
AngleClass:0
NameArray:0,Mac,4,SUITE SemiBold
NameArray:0,Win,1,SUITE SemiBold
NameArray:0,Win,16,SUITE
%EndFont

%BeginFont
Handler:DirectoryHandler
FontType:Invalid
OutlineFileName:D:\웹템플릿\사이트 제작\Font\SUITE\SUITE-woff2\LICENSE
FileModTime:1697545924
%EndFont

%BeginFont
Handler:DirectoryHandler
FontType:Invalid
OutlineFileName:D:\웹템플릿\사이트 제작\Font\SUITE\SUITE-woff2\SUITE-Bold.woff2
FileModTime:1710329646
%EndFont

%BeginFont
Handler:DirectoryHandler
FontType:Invalid
OutlineFileName:D:\웹템플릿\사이트 제작\Font\SUITE\SUITE-woff2\SUITE-ExtraBold.woff2
FileModTime:1710329646
%EndFont

%BeginFont
Handler:DirectoryHandler
FontType:Invalid
OutlineFileName:D:\웹템플릿\사이트 제작\Font\SUITE\SUITE-woff2\SUITE-Heavy.woff2
FileModTime:1710329646
%EndFont

%BeginFont
Handler:DirectoryHandler
FontType:Invalid
OutlineFileName:D:\웹템플릿\사이트 제작\Font\SUITE\SUITE-woff2\SUITE-Light.woff2
FileModTime:1710329646
%EndFont

%BeginFont
Handler:DirectoryHandler
FontType:Invalid
OutlineFileName:D:\웹템플릿\사이트 제작\Font\SUITE\SUITE-woff2\SUITE-Medium.woff2
FileModTime:1710329646
%EndFont

%BeginFont
Handler:DirectoryHandler
FontType:Invalid
OutlineFileName:D:\웹템플릿\사이트 제작\Font\SUITE\SUITE-woff2\SUITE-Regular.woff2
FileModTime:1710329646
%EndFont

%BeginFont
Handler:DirectoryHandler
FontType:Invalid
OutlineFileName:D:\웹템플릿\사이트 제작\Font\SUITE\SUITE-woff2\SUITE-SemiBold.woff2
FileModTime:1710329646
%EndFont

%BeginFont
Handler:DirectoryHandler
FontType:Invalid
OutlineFileName:D:\웹템플릿\사이트 제작\Font\SUITE\SUITE-woff2\SUITE.css
FileModTime:1690102780
%EndFont

%BeginFont
Handler:DirectoryHandler
FontType:Invalid
OutlineFileName:D:\웹템플릿\사이트 제작\Font\SUITE\스위트 폰트(웹).txt
FileModTime:1713142342
%EndFont

